[I-swipeTech.com/index.html]
[backblue.gif]
[fade.gif]
[index.html]
[I-swipeTech.com/assets/images/logo/apple-icon-57x57.webp]
[I-swipeTech.com/assets/images/logo/apple-icon-60x60.webp]
[I-swipeTech.com/assets/images/logo/apple-icon-72x72.webp]
[I-swipeTech.com/assets/images/logo/apple-icon-76x76.webp]
[I-swipeTech.com/assets/images/logo/apple-icon-114x114.webp]
[I-swipeTech.com/assets/images/logo/apple-icon-120x120.webp]
[I-swipeTech.com/assets/images/logo/apple-icon-144x144.webp]
[I-swipeTech.com/assets/images/logo/apple-icon-152x152.webp]
[I-swipeTech.com/assets/images/logo/apple-icon-180x180.webp]
[I-swipeTech.com/assets/images/logo/android-icon-192x192.webp]
[I-swipeTech.com/assets/images/logo/favicon-32x32.webp]
[I-swipeTech.com/assets/images/logo/favicon-96x96.webp]
[I-swipeTech.com/assets/images/logo/favicon-16x16.webp]
[I-swipeTech.com/assets/images/logo/manifest.json]
[I-swipeTech.com/assets/css/bootstrap.min.css]
[I-swipeTech.com/assets/css/home.min7ae4.css]
[ajax.googleapis.com/ajax/libs/jquery/3.2.1/jquery.min.js]
[I-swipeTech.com/assets/images/logo/logo.svg]
[I-swipeTech.com/discover-iswipetech.html]
[I-swipeTech.com/our-team.html]
[I-swipeTech.com/erp-crm-services.html]
[I-swipeTech.com/erp-crm-services/salesforce.html]
[I-swipeTech.com/erp-crm-services/microsoft-dynamics-365.html]
[I-swipeTech.com/erp-crm-services/oracle-netsuite.html]
[I-swipeTech.com/erp-crm-services/sage-intacct.html]
[I-swipeTech.com/marketing-automation.html]
[I-swipeTech.com/business-intelligence.html]
[I-swipeTech.com/sharepoint-services.html]
[I-swipeTech.com/servicenow-consulting.html]
[I-swipeTech.com/odoo-services.html]
[I-swipeTech.com/it-helpdesk.html]
[I-swipeTech.com/web-mobile.html]
[I-swipeTech.com/web-mobile/asp-net-development.html]
[I-swipeTech.com/web-mobile/php-development.html]
[I-swipeTech.com/web-mobile/python-development.html]
[I-swipeTech.com/web-mobile/javascript-development.html]
[I-swipeTech.com/web-mobile/mobile-app-development.html]
[I-swipeTech.com/web-mobile/software-testing.html]
[I-swipeTech.com/ai-ml-data-analytics.html]
[I-swipeTech.com/improved-apps.html]
[I-swipeTech.com/gomeddo.html]
[I-swipeTech.com/syskit.html]
[I-swipeTech.com/acbis.html]
[I-swipeTech.com/engagement-models.html]
[I-swipeTech.com/case-studies.html]
[I-swipeTech.com/blog.html]
[I-swipeTech.com/careers.html]
[I-swipeTech.com/contact-us.html]
[I-swipeTech.com/assets/images/svg-icons/menu.svg]
[I-swipeTech.com/assets/images/svg-icons/close.svg]
[I-swipeTech.com/assets/images/svg-icons/location.svg]
[I-swipeTech.com/assets/images/svg-icons/email.svg]
[I-swipeTech.com/assets/images/svg-icons/call.svg]
[I-swipeTech.com/assets/images/svg-icons/linkedin.svg]
[I-swipeTech.com/assets/images/shape/triangle25f3.webp]
[I-swipeTech.com/assets/images/svg-icons/arrow-right.svg]
[I-swipeTech.com/assets/images/slider/it_consulting_company_1.webp]
[I-swipeTech.com/assets/images/svg-icons/senior-it-professionals.svg]
[I-swipeTech.com/assets/images/svg-icons/clients.svg]
[I-swipeTech.com/assets/images/svg-icons/salesforce.svg]
[I-swipeTech.com/assets/images/svg-icons/microsoft-dynamics.svg]
[I-swipeTech.com/assets/images/svg-icons/oracle-net-suite.svg]
[I-swipeTech.com/assets/images/svg-icons/sage.svg]
[I-swipeTech.com/assets/images/svg-icons/marketing-automation.svg]
[I-swipeTech.com/assets/images/svg-icons/business-intelligence.svg]
[I-swipeTech.com/assets/images/svg-icons/servicenow-icon.svg]
[I-swipeTech.com/assets/images/svg-icons/web-mobile.svg]
[I-swipeTech.com/assets/images/svg-icons/ai-ml-data-analytics.svg]
[I-swipeTech.com/assets/images/shape/cloud.svg]
[I-swipeTech.com/assets/images/svg-icons/dedicated-resource.svg]
[I-swipeTech.com/assets/images/svg-icons/time.svg]
[I-swipeTech.com/assets/images/svg-icons/team-hiring.svg]
[I-swipeTech.com/assets/images/svg-icons/fixed-cost.svg]
[I-swipeTech.com/assets/images/svg-icons/manufacturing.svg]
[I-swipeTech.com/assets/images/svg-icons/bank.svg]
[I-swipeTech.com/assets/images/svg-icons/insurance.svg]
[I-swipeTech.com/assets/images/svg-icons/travel-hospitality.svg]
[I-swipeTech.com/assets/images/svg-icons/retail-ecommerce.svg]
[I-swipeTech.com/assets/images/svg-icons/logistics-supply-chain.svg]
[I-swipeTech.com/assets/images/svg-icons/healthcare.svg]
[I-swipeTech.com/assets/images/svg-icons/utilities.svg]
[I-swipeTech.com/assets/images/svg-icons/lifestyle.svg]
[I-swipeTech.com/assets/images/svg-icons/automotive.svg]
[I-swipeTech.com/assets/images/svg-icons/education.svg]
[I-swipeTech.com/assets/images/svg-icons/entertainment.svg]
[I-swipeTech.com/assets/images/testimonial/quote-blue.webp]
[I-swipeTech.com/assets/images/icon/ic-email.svg]
[I-swipeTech.com/assets/images/icon/ic-phone.svg]
[I-swipeTech.com/assets/images/icon/ic-location.svg]
[I-swipeTech.com/assets/images/logo/logo-footer.svg]
[I-swipeTech.com/I-swipeTech__Brochure.pdf]
[I-swipeTech.com/assets/images/svg-icons/pdf.svg]
[I-swipeTech.com/assets/images/svg-icons/arrow-up.svg]
[I-swipeTech.com/assets/js/bootstrap.min.js]
[I-swipeTech.com/assets/js/slick.min.js]
[I-swipeTech.com/assets/js/jquery.meanmenu.min.js]
[I-swipeTech.com/assets/js/wow.js]
[I-swipeTech.com/assets/js/tilt.jquery.js]
[I-swipeTech.com/assets/js/custom.js]
[I-swipeTech.com/assets/js/svg.js]
[widget.clutch.co/static/js/widget.js]
[assets.goodfirms.co/assets/js/widget.min.js]
[ajax.googleapis.com/ajax/libs/jquery/3.5.1/jquery.min.js]
[cdnjs.cloudflare.com/ajax/libs/jquery-validate/1.17.0/jquery.validate.min.js]
[www.google.com/recaptcha/api1733.js]
[translate.google.com/translate_a/elementa0d8.js]
[I-swipeTech.com/index.html]
[I-swipeTech.com/assets/css/bootstrap.min.css]
[I-swipeTech.com/assets/images/svg-icons/arrow-down.svg]
[I-swipeTech.com/assets/css/home.min7ae4.css]
[I-swipeTech.com/assets/images/logo/logo.svg]
[I-swipeTech.com/assets/css/inner.min7ae4.css]
[I-swipeTech.com/assets/images/shape/wave.webp]
[I-swipeTech.com/assets/images/common/discover_I-swipeTech.webp]
[I-swipeTech.com/storage/teams/April2024/ZuJqq27CVtgzPooi6TRG.webp]
[I-swipeTech.com/assets/images/flags/flag-india.webp]
[I-swipeTech.com/assets/images/flags/flag-usa.webp]
[I-swipeTech.com/storage/teams/April2024/WTw23Bsgv9Q7lhklFcq9.webp]
[I-swipeTech.com/storage/teams/April2024/aRU8wFBzza09n7cflyrp.webp]
[I-swipeTech.com/assets/images/flags/flag-uk.webp]
[I-swipeTech.com/storage/teams/August2024/B7dG3gPtHngsiJs49ypA.webp]
[I-swipeTech.com/storage/teams/August2024/7RKnDGh9bRF9Ky3FwKP1.webp]
[I-swipeTech.com/assets/images/flags/flag-finland.webp]
[I-swipeTech.com/storage/teams/August2024/yyKoXzDYzIPG3BcJAsYg.webp]
[I-swipeTech.com/assets/images/flags/flag-germany.webp]
[I-swipeTech.com/storage/teams/January2025/g1D1nRgrcD8Ln7vdj5IZ.webp]
[I-swipeTech.com/storage/teams/April2024/UqhteEIpergegR9YeEiv.webp]
[I-swipeTech.com/storage/teams/April2024/9iizupuejiDGKoKA6cgm.webp]
[I-swipeTech.com/assets/images/flags/flag-brazil.webp]
[I-swipeTech.com/storage/teams/April2024/fWhKSFnOkAJ7ZML0rYmN.webp]
[I-swipeTech.com/assets/images/infrastructure/discover_I-swipeTech_1.webp]
[I-swipeTech.com/assets/images/infrastructure/discover_I-swipeTech_2.webp]
[I-swipeTech.com/assets/images/infrastructure/discover_I-swipeTech_3.webp]
[I-swipeTech.com/assets/images/infrastructure/discover_I-swipeTech_4.webp]
[I-swipeTech.com/assets/images/infrastructure/discover_I-swipeTech_5.webp]
[I-swipeTech.com/assets/images/icon/star.webp]
[I-swipeTech.com/discover-iswipetech.html]
[I-swipeTech.com/storage/teams/April2024/58FpztDQnUelAwvqlRp8.webp]
[I-swipeTech.com/storage/teams/April2024/u72rt6y7Xe3IOzmyBXMy.webp]
[I-swipeTech.com/storage/teams/April2024/QLyboFSYn3EM7StgJBHP.webp]
[I-swipeTech.com/storage/teams/April2024/c1IMukOPTFT97yflkNbc.webp]
[I-swipeTech.com/storage/case-studies-infos/May2024/SbThVOP0jCc87x6yEXTC.jpg]
[I-swipeTech.com/case_studies/Optimizing Aerospace Pricing with a Real-Time Price Calculator.html]
[I-swipeTech.com/storage/case-studies-infos/May2024/RULetZ8qYXB9k6kOFhAM.jpg]
[I-swipeTech.com/case_studies/Seamless Migration and Enhanced Search with SharePoint and FAST Search.html]
[I-swipeTech.com/storage/case-studies-infos/June2024/ppcL9L4G4X3NMPwxfIv1.jpg]
[I-swipeTech.com/case_studies/Empowering Business Transformation in the Middle East.html]
[I-swipeTech.com/storage/case-studies-infos/June2024/Mx0kdToZCKqVvumJnsCW.jpg]
[I-swipeTech.com/our-team.html]
[I-swipeTech.com/case_studies/Driving User Engagement in the Cannabis Industry via Reviews, Rewards, & Events.html]
[I-swipeTech.com/assets/images/svg-icons/microsoft-dynamics-365.svg]
[I-swipeTech.com/assets/images/service/erp_service_provder_1.webp]
[I-swipeTech.com/assets/images/svg-icons/delete.svg]
[I-swipeTech.com/assets/images/svg-icons/share-data.svg]
[I-swipeTech.com/assets/images/svg-icons/deliver-more-value.svg]
[I-swipeTech.com/assets/images/svg-icons/enhance-marketing.svg]
[I-swipeTech.com/assets/images/svg-icons/increase-visibility.svg]
[I-swipeTech.com/assets/images/svg-icons/standout.svg]
[I-swipeTech.com/assets/images/svg-icons/cost-reduced.svg]
[I-swipeTech.com/assets/images/svg-icons/improve.svg]
[I-swipeTech.com/assets/images/service/erp_service_provder_2.webp]
[I-swipeTech.com/assets/images/service/erp_service_provder_3.webp]
[I-swipeTech.com/storage/case-studies-infos/May2024/Yizm5oRqRbPmzt7syACA.jpg]
[I-swipeTech.com/case_studies/Revamping Online Presence with a Dynamic Public-Facing Website.html]
[I-swipeTech.com/storage/case-studies-infos/May2024/vjZgiKsaxY8Qtn5eyuRm.jpg]
[I-swipeTech.com/case_studies/Streamlining-Location-Visualization.html]
[I-swipeTech.com/storage/case-studies-infos/May2024/oegArRR3s3O9lYJPbsdp.jpg]
[I-swipeTech.com/case_studies/Streamlining-Vendor-Management.html]
[I-swipeTech.com/storage/case-studies-infos/May2024/q1ABWUEKTV3D0xr2N8DK.jpg]
[I-swipeTech.com/erp-crm-services.html]
[I-swipeTech.com/case_studies/Streamlining-Event-Management-for-a-Non-Profit-Leader.html]
[I-swipeTech.com/assets/images/svg-icons/salesforce-sales-cloud.svg]
[I-swipeTech.com/assets/images/svg-icons/salesforce-service-cloud.svg]
[I-swipeTech.com/assets/images/svg-icons/salesforce-marketing-cloud-and-pardot.svg]
[I-swipeTech.com/assets/images/svg-icons/salesforce-vlocity.svg]
[I-swipeTech.com/assets/images/svg-icons/salesforce-community-cloud.svg]
[I-swipeTech.com/assets/images/svg-icons/salesforce-commerce-cloud.svg]
[I-swipeTech.com/assets/images/svg-icons/salesforce-apttus.svg]
[I-swipeTech.com/assets/images/svg-icons/salesforce-mulesoft.svg]
[I-swipeTech.com/assets/images/svg-icons/salesforce-field-service-lightning.svg]
[I-swipeTech.com/assets/images/service/salesforce_crm_consulting_1.webp]
[I-swipeTech.com/storage/case-studies-infos/May2024/dldpDHwkFm4Hzb89obsG.jpg]
[I-swipeTech.com/case_studies/Elevating-Testing-Practices-at-a-Leading-University.html]
[I-swipeTech.com/storage/case-studies-infos/June2024/wZepk7vLtsMaA0kmBjt2.jpg]
[I-swipeTech.com/case_studies/Building a Thriving Online Community with CityPolarna.html]
[I-swipeTech.com/storage/case-studies-infos/June2024/y0p09LwUpwxabeerSYiU.jpg]
[I-swipeTech.com/erp-crm-services/salesforce.html]
[I-swipeTech.com/case_studies/Streamlining Marketing Journeys with Automated Data Integration.html]
[I-swipeTech.com/assets/images/svg-icons/dynamics-365-consulting.svg]
[I-swipeTech.com/assets/images/svg-icons/dynamics-365-implementation.svg]
[I-swipeTech.com/assets/images/svg-icons/dynamics-365-customization.svg]
[I-swipeTech.com/assets/images/svg-icons/dynamics-365-power-apps-development.svg]
[I-swipeTech.com/assets/images/svg-icons/dynamics-365-migrations-cloud.svg]
[I-swipeTech.com/assets/images/svg-icons/dynamics-365-integrations.svg]
[I-swipeTech.com/assets/images/svg-icons/dynamics-365-training.svg]
[I-swipeTech.com/assets/images/svg-icons/dynamics-365-support.svg]
[I-swipeTech.com/assets/images/svg-icons/microsoft_dynamics_365_business_central.svg]
[I-swipeTech.com/assets/images/svg-icons/microsoft_dynamics_365_CRM.svg]
[I-swipeTech.com/assets/images/svg-icons/microsoft_dynamics_365_finance_and_operations.svg]
[I-swipeTech.com/assets/images/svg-icons/microsoft_dynamics_365_AX.svg]
[I-swipeTech.com/assets/images/svg-icons/dynamics-365-upgrades.svg]
[I-swipeTech.com/assets/images/svg-icons/dynamics-365-marketing-automation.svg]
[I-swipeTech.com/assets/images/svg-icons/dynamics-365-field-service.svg]
[I-swipeTech.com/assets/images/svg-icons/dynamics-365-business-intelligence.svg]
[I-swipeTech.com/assets/images/service/microsoft-dynamics-technology-partner.webp]
[I-swipeTech.com/storage/case-studies-infos/May2024/q35rTfqQFBVQGbadkXGK.jpg]
[I-swipeTech.com/case_studies/Optimizing Construction Workflows with a Custom-Built Portal.html]
[I-swipeTech.com/storage/case-studies-infos/June2024/yhOOJz9LGt9zR1MBFfn9.jpg]
[I-swipeTech.com/case_studies/Building Secure Collaborative Workspaces for an IT & Data Services Company.html]
[I-swipeTech.com/storage/case-studies-infos/May2024/WSke3xZZVP9FsTxebPXl.jpg]
[I-swipeTech.com/case_studies/Facilitating Collaborative Workspaces for Internal and External Stakeholders.html]
[I-swipeTech.com/storage/case-studies-infos/May2024/TaWp1XjYZu1J0wuzXzgf.jpg]
[I-swipeTech.com/erp-crm-services/microsoft-dynamics-365.html]
[I-swipeTech.com/case_studies/Enhancing Financial & Statistical Reporting with Sage Intacct.html]
[I-swipeTech.com/assets/images/svg-icons/programming.svg]
[I-swipeTech.com/assets/images/service/orecal-netsuite-erp.webp]
[I-swipeTech.com/assets/images/service/orecal-netsuite-crm.webp]
[I-swipeTech.com/assets/images/service/orecal-netsuite-suite-commerce.webp]
[I-swipeTech.com/assets/images/service/orecal-netsuite-professional-services-automation.webp]
[I-swipeTech.com/assets/images/service/orecal-netsuite-suite-success.webp]
[I-swipeTech.com/assets/images/service/orecal-netsuite-oneworld.webp]
[I-swipeTech.com/assets/images/service/oracle-netsuite-technology-partner.webp]
[I-swipeTech.com/storage/case-studies-infos/May2024/QERcKy3FLkX4kCWEgS8c.jpg]
[I-swipeTech.com/case_studies/Salesforce Community Cloud Customization.html]
[I-swipeTech.com/storage/case-studies-infos/May2024/r1IGJJQId6w7jIUFs2bM.jpg]
[I-swipeTech.com/case_studies/Streamlining-Invoice-Processing.html]
[I-swipeTech.com/storage/case-studies-infos/May2024/NsObKBFt8utSBA3u550i.jpg]
[I-swipeTech.com/case_studies/Automating-Reconciliation.html]
[I-swipeTech.com/storage/case-studies-infos/May2024/NbaWjtahpou2Hj0vsNQt.jpg]
[I-swipeTech.com/erp-crm-services/oracle-netsuite.html]
[I-swipeTech.com/case_studies/Streamlining-Data-Insights.html]
[I-swipeTech.com/assets/images/service/sage-intacct.webp]
[I-swipeTech.com/assets/images/service/sage-300.webp]
[I-swipeTech.com/assets/images/service/sage-100.webp]
[I-swipeTech.com/assets/images/service/sage-500.webp]
[I-swipeTech.com/assets/images/service/sage-crm.webp]
[I-swipeTech.com/assets/images/service/sage-technology-partner.webp]
[I-swipeTech.com/storage/case-studies-infos/June2024/XMrsFEJ1KlvgRYLYXQZd.jpg]
[I-swipeTech.com/case_studies/Elnative.html]
[I-swipeTech.com/storage/case-studies-infos/June2024/QYdPtSLVlP2j1mZHuPw5.jpg]
[I-swipeTech.com/case_studies/Streamlining Content Management & Investment Analysis for a major Financial Services Corporation.html]
[I-swipeTech.com/storage/case-studies-infos/May2024/FH3iofpuOqOjkXQDTYgh.jpg]
[I-swipeTech.com/erp-crm-services/sage-intacct.html]
[I-swipeTech.com/case_studies/Seamless-Migration.html]
[I-swipeTech.com/assets/images/svg-icons/marketing-platform-assessment-integrations.svg]
[I-swipeTech.com/assets/images/svg-icons/marketing-automation-platform-evaluation.svg]
[I-swipeTech.com/assets/images/svg-icons/marketing-platform-setup-management-support.svg]
[I-swipeTech.com/assets/images/service/services-marketing-automation.webp]
[I-swipeTech.com/assets/images/svg-icons/marketing-automation-platform-setup.svg]
[I-swipeTech.com/assets/images/svg-icons/customer-segmentation-list-management.svg]
[I-swipeTech.com/assets/images/svg-icons/demand-generation-strategies.svg]
[I-swipeTech.com/assets/images/svg-icons/lead-management.svg]
[I-swipeTech.com/assets/images/svg-icons/lead-reporting-campaign-analytics.svg]
[I-swipeTech.com/assets/images/svg-icons/platform-integration-crm-systems.svg]
[I-swipeTech.com/assets/images/svg-icons/salesforce-pardot.svg]
[I-swipeTech.com/assets/images/svg-icons/marketo.svg]
[I-swipeTech.com/assets/images/svg-icons/hubspot-marketing-hub.svg]
[I-swipeTech.com/assets/images/svg-icons/mautic.svg]
[I-swipeTech.com/assets/images/svg-icons/active-campaign.svg]
[I-swipeTech.com/assets/images/service/marketing-automation.webp]
[I-swipeTech.com/assets/images/service/map.webp]
[I-swipeTech.com/storage/case-studies-infos/May2024/FsRGNsaWLp4gS8B2nImM.jpg]
[I-swipeTech.com/case_studies/Boosting Organization-wide Collaboration with an Intranet Portal.html]
[I-swipeTech.com/storage/case-studies-infos/May2024/qL3IKZV2PvZ9dM61R0ql.jpg]
[I-swipeTech.com/marketing-automation.html]
[I-swipeTech.com/case_studies/Salesforce for Commercial Real Estate.html]
[I-swipeTech.com/assets/images/svg-icons/salesforce-einstein.svg]
[I-swipeTech.com/assets/images/svg-icons/oracle-business-intelligence.svg]
[I-swipeTech.com/assets/images/svg-icons/sap-bi.svg]
[I-swipeTech.com/assets/images/svg-icons/power-bi.svg]
[I-swipeTech.com/assets/images/svg-icons/tableau.svg]
[I-swipeTech.com/assets/images/service/services-business-intelligence.webp]
[I-swipeTech.com/assets/images/service/business-intelligence.webp]
[I-swipeTech.com/storage/case-studies-infos/June2024/8aYz5He6zIcpDm0DVfPa.jpg]
[I-swipeTech.com/case_studies/Streamlining Accounts Payable for a Major Power Equipment Manufacturer.html]
[I-swipeTech.com/storage/case-studies-infos/May2024/op3gL7V0N1NziP7ee6wK.jpg]
[I-swipeTech.com/business-intelligence.html]
[I-swipeTech.com/case_studies/Fostering Collaboration between Clients and Service Providers.html]
[I-swipeTech.com/assets/images/svg-icons/migration.svg]
[I-swipeTech.com/assets/images/svg-icons/design-development.svg]
[I-swipeTech.com/assets/images/service/services-sharepoint-services.webp]
[I-swipeTech.com/assets/images/svg-icons/security.svg]
[I-swipeTech.com/assets/images/svg-icons/document-management.svg]
[I-swipeTech.com/assets/images/svg-icons/centralized-administration.svg]
[I-swipeTech.com/assets/images/svg-icons/multi-purpose.svg]
[I-swipeTech.com/assets/images/svg-icons/ui-ux-improvement.svg]
[I-swipeTech.com/assets/images/service/sharepoint-services.webp]
[I-swipeTech.com/storage/case-studies-infos/May2024/BL8JoFhUnAyBvyElEZrr.jpg]
[I-swipeTech.com/case_studies/Empowering-Education-Marketing.html]
[I-swipeTech.com/storage/case-studies-infos/May2024/JZfTTMz45Jb635cibRQX.jpg]
[I-swipeTech.com/case_studies/Centralizing Information for an Automotive Group with a SharePoint Portal.html]
[I-swipeTech.com/storage/case-studies-infos/June2024/59swFxl0zeGb9tS3ntqJ.jpg]
[I-swipeTech.com/sharepoint-services.html]
[I-swipeTech.com/case_studies/Building a Sustainable and Scalable E-Commerce Platform.html]
[I-swipeTech.com/assets/images/svg-icons/deployment.svg]
[I-swipeTech.com/assets/images/service/servicenow_implementation_service_1.webp]
[I-swipeTech.com/assets/images/service/servicenow_implementation_service.webp]
[I-swipeTech.com/assets/images/svg-icons/app-development.svg]
[I-swipeTech.com/assets/images/svg-icons/strategic-assessment.svg]
[I-swipeTech.com/storage/case-studies-infos/May2024/BWB8zwRovcujDpcOewAZ.jpg]
[I-swipeTech.com/case_studies/Resolving-Data-Synchronization-Issues.html]
[I-swipeTech.com/storage/case-studies-infos/June2024/CyoS9Hd87l8LiRqiO0Cu.jpg]
[I-swipeTech.com/case_studies/Cultivating Success.html]
[I-swipeTech.com/storage/case-studies-infos/June2024/WH7Afp2X7Eszco9HQukV.jpg]
[I-swipeTech.com/servicenow-consulting.html]
[I-swipeTech.com/case_studies/Building a Scalable Restaurant Management Platform with Baemingo.html]
[I-swipeTech.com/assets/images/odoo/empower-growth-odoo.png]
[I-swipeTech.com/assets/images/odoo/implementation-customization.svg]
[I-swipeTech.com/assets/images/odoo/data-migration-integration.svg]
[I-swipeTech.com/assets/images/odoo/development-customization.svg]
[I-swipeTech.com/assets/images/odoo/training-support.svg]
[I-swipeTech.com/assets/images/odoo/why-partner-I-swipeTech.png]
[I-swipeTech.com/storage/case-studies-infos/June2024/50scJSmfhnSsxs1N3lmi.jpg]
[I-swipeTech.com/case_studies/Integrating EFTSure with D365 Business Central for Healthcare Vendor Management.html]
[I-swipeTech.com/storage/case-studies-infos/June2024/WdsrYsjWzntGBUlm1LNz.jpg]
[I-swipeTech.com/case_studies/Improving Financial  Operations for a Top Financial Services Firm.html]
[I-swipeTech.com/storage/case-studies-infos/June2024/iBVmyepHvNQMyB6zxkoZ.jpg]
[I-swipeTech.com/odoo-services.html]
[I-swipeTech.com/case_studies/Empowering Sustainable Entrepreneurs with Ezone.html]
[I-swipeTech.com/assets/images/it-support/elevate-your-it-support-I-swipeTech.jpg]
[I-swipeTech.com/assets/images/it-support/comprehensive/rapid-troubleshooting-system-optimization.svg]
[I-swipeTech.com/assets/images/it-support/comprehensive/secure-reliable-networking.svg]
[I-swipeTech.com/assets/images/it-support/comprehensive/expert-system-administration.svg]
[I-swipeTech.com/assets/images/it-support/comprehensive/proactive-cybersecurity-solutions.svg]
[I-swipeTech.com/assets/images/it-support/comprehensive/seamless-cloud-integration-management.svg]
[I-swipeTech.com/assets/images/it-support/comprehensive/it-support.svg]
[I-swipeTech.com/assets/images/it-support/certifications/compIAA+.png]
[I-swipeTech.com/assets/images/it-support/certifications/compIANetwork.png]
[I-swipeTech.com/assets/images/it-support/certifications/compTIASecurity+.png]
[I-swipeTech.com/assets/images/it-support/certifications/microsoft-certified.png]
[I-swipeTech.com/assets/images/it-support/certifications/cisco-certified.png]
[I-swipeTech.com/assets/images/it-support/tools-technologies/operating-systems.svg]
[I-swipeTech.com/assets/images/it-support/tools-technologies/ticketing-service-management.svg]
[I-swipeTech.com/assets/images/it-support/tools-technologies/remote-support-tools.svg]
[I-swipeTech.com/assets/images/it-support/tools-technologies/network-management-solutions.svg]
[I-swipeTech.com/assets/images/it-support/tools-technologies/data-backup-recovery.svg]
[I-swipeTech.com/assets/images/it-support/tools-technologies/cybersecurity-tools.svg]
[I-swipeTech.com/assets/images/it-support/tools-technologies/cloud-management-tools.svg]
[I-swipeTech.com/assets/images/it-support/tools-technologies/mobile-device-management.svg]
[I-swipeTech.com/assets/images/it-support/why-partner-tech.png]
[I-swipeTech.com/storage/case-studies-infos/June2024/9RQskf9zun2yLMXNL3aE.jpg]
[I-swipeTech.com/it-helpdesk.html]
[I-swipeTech.com/case_studies/Building a Cutting-Edge UI Theme with Ecco.html]
[I-swipeTech.com/assets/images/svg-icons/web-app-development.svg]
[I-swipeTech.com/assets/images/svg-icons/website-development.svg]
[I-swipeTech.com/assets/images/svg-icons/mobile-app-development.svg]
[I-swipeTech.com/assets/images/svg-icons/qa-software-testing.svg]
[I-swipeTech.com/assets/images/svg-icons/frontend-development.svg]
[I-swipeTech.com/assets/images/svg-icons/backend-development.svg]
[I-swipeTech.com/assets/images/service/services-web-mobile.webp]
[I-swipeTech.com/assets/images/svg-icons/dotnet.svg]
[I-swipeTech.com/assets/images/svg-icons/php.svg]
[I-swipeTech.com/assets/images/svg-icons/js.svg]
[I-swipeTech.com/assets/images/svg-icons/python.svg]
[I-swipeTech.com/assets/images/svg-icons/accessibility.svg]
[I-swipeTech.com/assets/images/svg-icons/deliver-value.svg]
[I-swipeTech.com/assets/images/svg-icons/transform-marketing-sales-experience.svg]
[I-swipeTech.com/assets/images/svg-icons/build-business.svg]
[I-swipeTech.com/assets/images/svg-icons/cultivate-client.svg]
[I-swipeTech.com/assets/images/svg-icons/increase-flexibility.svg]
[I-swipeTech.com/assets/images/service/web-mobile.webp]
[I-swipeTech.com/storage/case-studies-infos/May2024/6m08qGGx6hX0mZSBrPyL.jpg]
[I-swipeTech.com/web-mobile.html]
[I-swipeTech.com/case_studies/Salesforce-Event Monitoring Analytics.html]
[I-swipeTech.com/assets/images/svg-icons/legacy-application-conversion.svg]
[I-swipeTech.com/assets/images/service/asp_dot_net_developement.webp]
[I-swipeTech.com/assets/images/svg-icons/cms.svg]
[I-swipeTech.com/assets/images/service/asp-net-development.webp]
[I-swipeTech.com/storage/case-studies-infos/May2024/9w9dZJh5lrxMHfpth4cP.jpg]
[I-swipeTech.com/web-mobile/asp-net-development.html]
[I-swipeTech.com/case_studies/Enhancing Product Safety with a Collaborative SharePoint Portal.html]
[I-swipeTech.com/assets/images/svg-icons/full-stack.svg]
[I-swipeTech.com/assets/images/svg-icons/api-development.svg]
[I-swipeTech.com/assets/images/svg-icons/framework.svg]
[I-swipeTech.com/assets/images/service/services-php-development.webp]
[I-swipeTech.com/assets/images/service/php-how-we-work.webp]
[I-swipeTech.com/assets/images/service/php-frameworks.webp]
[I-swipeTech.com/assets/images/service/open-source-development.webp]
[I-swipeTech.com/assets/images/svg-icons/e-commerce.svg]
[I-swipeTech.com/assets/images/svg-icons/open-source.svg]
[I-swipeTech.com/assets/images/service/php-development.webp]
[I-swipeTech.com/web-mobile/php-development.html]
[I-swipeTech.com/assets/images/svg-icons/python-application-development.svg]
[I-swipeTech.com/assets/images/svg-icons/python-mobile-app-development.svg]
[I-swipeTech.com/assets/images/service/services-python-development.webp]
[I-swipeTech.com/assets/images/svg-icons/prototype.svg]
[I-swipeTech.com/assets/images/svg-icons/discovery.svg]
[I-swipeTech.com/assets/images/svg-icons/scalability.svg]
[I-swipeTech.com/assets/images/svg-icons/code-readability.svg]
[I-swipeTech.com/assets/images/svg-icons/scientific-apps.svg]
[I-swipeTech.com/assets/images/svg-icons/deal.svg]
[I-swipeTech.com/assets/images/service/python-development.webp]
[I-swipeTech.com/web-mobile/python-development.html]
[I-swipeTech.com/assets/images/service/services-javascript-development.webp]
[I-swipeTech.com/assets/images/svg-icons/node.svg]
[I-swipeTech.com/assets/images/svg-icons/vue.svg]
[I-swipeTech.com/assets/images/svg-icons/angular.svg]
[I-swipeTech.com/assets/images/svg-icons/react.svg]
[I-swipeTech.com/assets/images/svg-icons/backbone.svg]
[I-swipeTech.com/assets/images/svg-icons/jquery.svg]
[I-swipeTech.com/assets/images/svg-icons/database.svg]
[I-swipeTech.com/assets/images/svg-icons/time-save.svg]
[I-swipeTech.com/assets/images/service/javascript-development.webp]
[I-swipeTech.com/storage/case-studies-infos/June2024/eM7rw54K6JuxSDCW3kzx.jpg]
[I-swipeTech.com/web-mobile/javascript-development.html]
[I-swipeTech.com/case_studies/Enhancing Customer Engagement through Personalized Marketing Emails.html]
[I-swipeTech.com/assets/images/svg-icons/ipad.svg]
[I-swipeTech.com/assets/images/svg-icons/enterprise-mobility.svg]
[I-swipeTech.com/assets/images/svg-icons/android.svg]
[I-swipeTech.com/assets/images/service/services-mobile-app-development.webp]
[I-swipeTech.com/assets/images/service/mobile-app-development.webp]
[I-swipeTech.com/storage/case-studies-infos/May2024/0NfNCZKkRlD2YI7rkxbx.jpg]
[I-swipeTech.com/case_studies/Revolutionizing Patient Care.html]
[I-swipeTech.com/storage/case-studies-infos/May2024/iNCCqjrxnFEGLKj9TviZ.jpg]
[I-swipeTech.com/web-mobile/mobile-app-development.html]
[I-swipeTech.com/case_studies/Salesforce Org Establishment and Sales & Marketing Cloud Implementation.html]
[I-swipeTech.com/assets/images/service/tests-in-softwareentwicklung.webp]
[I-swipeTech.com/assets/images/service/software-testing.webp]
[I-swipeTech.com/web-mobile/software-testing.html]
[I-swipeTech.com/assets/images/svg-icons/data-processing.svg]
[I-swipeTech.com/assets/images/svg-icons/strategy.svg]
[I-swipeTech.com/assets/images/svg-icons/iot-streaming.svg]
[I-swipeTech.com/assets/images/service/data-science.webp]
[I-swipeTech.com/assets/images/service/real-time-analytics-and-ai-ml.webp]
[I-swipeTech.com/assets/images/service/modern-data-strategy.webp]
[I-swipeTech.com/assets/images/service/data-processing.webp]
[I-swipeTech.com/assets/images/service/iot-and-data-streaming.webp]
[I-swipeTech.com/assets/images/service/ai-ml-data-analytics.webp]
[I-swipeTech.com/ai-ml-data-analytics.html]
[I-swipeTech.com/assets/images/products/improved-apps.webp]
[I-swipeTech.com/improved-apps.html]
[I-swipeTech.com/assets/images/products/gomeddo.webp]
[I-swipeTech.com/gomeddo.html]
[I-swipeTech.com/assets/images/products/gomeddo-syskit.png]
[I-swipeTech.com/syskit.html]
[I-swipeTech.com/assets/images/products/acbis.png]
[I-swipeTech.com/acbis.html]
[I-swipeTech.com/assets/images/engagement-models/dedicated-resource-model.webp]
[I-swipeTech.com/assets/images/engagement-models/time-material-model.webp]
[I-swipeTech.com/assets/images/engagement-models/team-hiring-model.webp]
[I-swipeTech.com/assets/images/engagement-models/fixed-cost-model.webp]
[I-swipeTech.com/engagement-models.html]
[I-swipeTech.com/case-studies4658.html]
[I-swipeTech.com/case-studies9ba9.html]
[I-swipeTech.com/case-studiesfdb0.html]
[I-swipeTech.com/case-studies.html]
[I-swipeTech.com/case-studiesaf4d.html]
[I-swipeTech.com/blog-details/processing-and-analyzing-large-datasets-with-hadoop-and-spark.html]
[I-swipeTech.com/storage/posts/January2025/arYC70dEZwaRWuxroom3.png]
[I-swipeTech.com/blog-details/agentforce-2-0-and-einstein-gpt-integration-revolutionizing-customer-service.html]
[I-swipeTech.com/storage/posts/January2025/frmR3WR8F1N03vBpEI5G.png]
[I-swipeTech.com/blog-details/implementing-a-zero-trust-security-model-to-protect-against-cyber-threats.html]
[I-swipeTech.com/storage/posts/December2024/0EO35bZBlinyjZdze7zr.png]
[I-swipeTech.com/blog-details/servicenow-api-integration-using-the-power-of-connectivity.html]
[I-swipeTech.com/storage/posts/December2024/kIXjbG0ys25xFuaBCFsw.png]
[I-swipeTech.com/blog-details/asynchronous-apex-mastering-background-processing-in-salesforce.html]
[I-swipeTech.com/storage/posts/December2024/cvd52eZcLy6CyXZvmnHt.png]
[I-swipeTech.com/blog-details/salesforce-agentforce-an-ai-driven-approach-to-customer-service.html]
[I-swipeTech.com/storage/posts/December2024/UGyrrb8TqjHM6WhyFr9g.png]
[I-swipeTech.com/blog-details/netsuite-s-odata-api-a-powerful-tool-for-data-access-and-integration.html]
[I-swipeTech.com/storage/posts/December2024/79lKpaWFVciidw7e8W5z.png]
[I-swipeTech.com/blog-details/building-complex-workflows-with-suiteflow-s-advanced-features.html]
[I-swipeTech.com/storage/posts/November2024/wMbF2HQHMBME2NBOd8Vg.png]
[I-swipeTech.com/blog-details/advanced-data-modeling-techniques-for-creating-granular-customer-segments.html]
[I-swipeTech.com/storage/posts/November2024/3koSkU0djm0GPjJjL9Vf.png]
[I-swipeTech.com/blog-details/netsuite-for-professional-services-automation-psa.html]
[I-swipeTech.com/storage/posts/November2024/hsZnjUn7AWXnPCskjAF0.png]
[I-swipeTech.com/blog-details/implementing-webhooks-and-event-subscriptions-for-real-time-integration-in-netsuite.html]
[I-swipeTech.com/storage/posts/November2024/x0moPNHSGWcUwUreMj0d.png]
[I-swipeTech.com/blog-details/building-custom-netsuite-dashboards.html]
[I-swipeTech.com/storage/posts/November2024/b1AhmNdTv8okOwuP7RJm.png]
[I-swipeTech.com/blog4658.html]
[I-swipeTech.com/blog9ba9.html]
[I-swipeTech.com/blogfdb0.html]
[I-swipeTech.com/blog.html]
[I-swipeTech.com/blogaf4d.html]
[I-swipeTech.com/assets/images/careers/icon-job.svg]
[I-swipeTech.com/careers-detail/30/Salesforce-DX-Developer.html]
[I-swipeTech.com/assets/images/careers/icon-job1.svg]
[I-swipeTech.com/careers-detail/29/Salesforce-Business-Analyst.html]
[I-swipeTech.com/assets/images/careers/icon-job2.svg]
[I-swipeTech.com/careers-detail/28/Accounts-Assistant-(Australian-Accounting).html]
[I-swipeTech.com/assets/images/careers/icon-job3.svg]
[I-swipeTech.com/careers-detail/26/Technical-Architect.html]
[I-swipeTech.com/careers-detail/20/ServiceNow-Designer.html]
[I-swipeTech.com/careers-detail/19/ServiceNow-Developer.html]
[I-swipeTech.com/careers-detail/15/Freelance-Recruiter.html]
[I-swipeTech.com/careers-detail/12/Salesforce-Sales-Cloud-Developer.html]
[I-swipeTech.com/careers-detail/8/Salesforce-Tech-Lead.html]
[I-swipeTech.com/careers-detail/7/Business-Development-Executive.html]
[I-swipeTech.com/assets/images/careers/select-icon-01.svg]
[I-swipeTech.com/assets/images/careers/select-icon-02.svg]
[I-swipeTech.com/assets/images/careers/select-icon-03.svg]
[I-swipeTech.com/assets/images/careers/select-icon-04.svg]
[I-swipeTech.com/storage/event-photos/May2024/IIDPQ74LfTNFyhNUv8u5.jpg]
[I-swipeTech.com/storage/event-photos/May2024/i4qE26R6zgEFGX4uJdGl.jpg]
[I-swipeTech.com/storage/event-photos/May2024/A2GUmqPgSOYDoqaw0xvu.jpg]
[I-swipeTech.com/storage/event-photos/May2024/t36APg9lOCcMQMnCyl2k.jpg]
[I-swipeTech.com/storage/event-photos/May2024/unEhXopre3h60iHPjwWv.jpg]
[I-swipeTech.com/storage/event-photos/May2024/WQtNu0L2L44QmCN9AeXe.jpg]
[I-swipeTech.com/storage/event-photos/May2024/ra9AyAiOSvQudNyoHE8R.jpg]
[I-swipeTech.com/storage/event-photos/May2024/Bhw8FGIgegpRXCyND3ZJ.jpg]
[I-swipeTech.com/storage/event-photos/May2024/3TB4byAeX6VwIFoNUtBk.jpg]
[I-swipeTech.com/storage/event-photos/May2024/yVphB309uWd8dEHlJipo.jpg]
[I-swipeTech.com/storage/event-photos/May2024/01Ty8IItq0En5yeFH57x.jpg]
[I-swipeTech.com/storage/event-photos/May2024/MPR2kf7qqxAtT7XMJlsM.jpg]
[I-swipeTech.com/storage/event-photos/May2024/v6bNsWBTI0ZRj6ulwpzh.jpg]
[I-swipeTech.com/storage/event-photos/May2024/OIxz4t4b9d3wkz7IuFV9.jpg]
[I-swipeTech.com/storage/event-photos/May2024/5foGGCnAMQMol4HbsJuY.jpg]
[I-swipeTech.com/storage/event-photos/May2024/mFujn7GnTS1zoRTorMna.jpg]
[I-swipeTech.com/storage/event-photos/May2024/Bgc5z5gQhAuj2WFIuzz0.jpg]
[I-swipeTech.com/careers.html]
[I-swipeTech.com/contact-us.html]
[I-swipeTech.com/assets/images/svg-icons/menu.svg]
[I-swipeTech.com/assets/images/svg-icons/close.svg]
[I-swipeTech.com/assets/images/svg-icons/location.svg]
[I-swipeTech.com/assets/images/svg-icons/email.svg]
[I-swipeTech.com/assets/images/svg-icons/call.svg]
[I-swipeTech.com/assets/images/svg-icons/linkedin.svg]
[I-swipeTech.com/assets/images/svg-icons/arrow-right.svg]
[I-swipeTech.com/assets/images/svg-icons/senior-it-professionals.svg]
[I-swipeTech.com/assets/images/svg-icons/clients.svg]
[I-swipeTech.com/assets/images/svg-icons/salesforce.svg]
[I-swipeTech.com/assets/images/svg-icons/microsoft-dynamics.svg]
[I-swipeTech.com/assets/images/svg-icons/oracle-net-suite.svg]
[I-swipeTech.com/assets/images/svg-icons/sage.svg]
[I-swipeTech.com/assets/images/svg-icons/marketing-automation.svg]
[I-swipeTech.com/assets/images/svg-icons/business-intelligence.svg]
[I-swipeTech.com/assets/images/svg-icons/servicenow-icon.svg]
[I-swipeTech.com/assets/images/svg-icons/web-mobile.svg]
[I-swipeTech.com/assets/images/svg-icons/ai-ml-data-analytics.svg]
[I-swipeTech.com/assets/images/shape/cloud.svg]
[I-swipeTech.com/assets/images/svg-icons/dedicated-resource.svg]
[I-swipeTech.com/assets/images/svg-icons/time.svg]
[I-swipeTech.com/assets/images/svg-icons/team-hiring.svg]
[I-swipeTech.com/assets/images/svg-icons/fixed-cost.svg]
[I-swipeTech.com/assets/images/svg-icons/manufacturing.svg]
[I-swipeTech.com/assets/images/svg-icons/bank.svg]
[I-swipeTech.com/assets/images/svg-icons/insurance.svg]
[I-swipeTech.com/assets/images/svg-icons/travel-hospitality.svg]
[I-swipeTech.com/assets/images/svg-icons/retail-ecommerce.svg]
[I-swipeTech.com/assets/images/svg-icons/logistics-supply-chain.svg]
[I-swipeTech.com/assets/images/svg-icons/healthcare.svg]
[I-swipeTech.com/assets/images/svg-icons/utilities.svg]
[I-swipeTech.com/assets/images/svg-icons/lifestyle.svg]
[I-swipeTech.com/assets/images/svg-icons/automotive.svg]
[I-swipeTech.com/assets/images/svg-icons/education.svg]
[I-swipeTech.com/assets/images/svg-icons/entertainment.svg]
[I-swipeTech.com/assets/images/icon/ic-email.svg]
[I-swipeTech.com/assets/images/icon/ic-phone.svg]
[I-swipeTech.com/assets/images/icon/ic-location.svg]
[I-swipeTech.com/assets/images/logo/logo-footer.svg]
[I-swipeTech.com/assets/images/svg-icons/pdf.svg]
[I-swipeTech.com/assets/images/svg-icons/arrow-up.svg]
[www.googletagmanager.com/gtm5445.html]
[I-swipeTech.com/set-session.html]
[I-swipeTech.com/assets/images/svg-icons/arrow-down.svg]
[I-swipeTech.com/assets/images/svg-icons/arrow-next.svg]
[I-swipeTech.com/assets/images/svg-icons/check.svg]
[I-swipeTech.com/assets/images/contact/contact-building.webp]
[I-swipeTech.com/assets/images/svg-icons/minus.svg]
[I-swipeTech.com/assets/images/svg-icons/plus.svg]
[I-swipeTech.com/assets/images/careers/line1.webp]
[I-swipeTech.com/assets/images/careers/line2.webp]
[I-swipeTech.com/assets/images/careers/line3.webp]
[I-swipeTech.com/assets/images/careers/line4.webp]
[I-swipeTech.com/assets/css/inner.min7ae4.css]
[I-swipeTech.com/our-team/view/_id.html]
[I-swipeTech.com/assets/images/svg-icons/industry.svg]
[I-swipeTech.com/assets/images/svg-icons/technology.svg]
[I-swipeTech.com/assets/images/svg-icons/arrow-left.svg]
[I-swipeTech.com/case_studies/Optimizing Aerospace Pricing with a Real-Time Price Calculator.html]
[I-swipeTech.com/case_studies/Seamless Migration and Enhanced Search with SharePoint and FAST Search.html]
[I-swipeTech.com/case_studies/Empowering Business Transformation in the Middle East.html]
[I-swipeTech.com/case_studies/Driving User Engagement in the Cannabis Industry via Reviews, Rewards, & Events.html]
[I-swipeTech.com/assets/images/svg-icons/microsoft-dynamics-365.svg]
[I-swipeTech.com/assets/images/svg-icons/delete.svg]
[I-swipeTech.com/assets/images/svg-icons/share-data.svg]
[I-swipeTech.com/assets/images/svg-icons/deliver-more-value.svg]
[I-swipeTech.com/assets/images/svg-icons/enhance-marketing.svg]
[I-swipeTech.com/assets/images/svg-icons/increase-visibility.svg]
[I-swipeTech.com/assets/images/svg-icons/standout.svg]
[I-swipeTech.com/assets/images/svg-icons/cost-reduced.svg]
[I-swipeTech.com/assets/images/svg-icons/improve.svg]
[I-swipeTech.com/case_studies/Revamping Online Presence with a Dynamic Public-Facing Website.html]
[I-swipeTech.com/case_studies/Streamlining-Location-Visualization.html]
[I-swipeTech.com/case_studies/Streamlining-Vendor-Management.html]
[I-swipeTech.com/case_studies/Streamlining-Event-Management-for-a-Non-Profit-Leader.html]
[I-swipeTech.com/assets/images/svg-icons/salesforce-sales-cloud.svg]
[I-swipeTech.com/assets/images/svg-icons/salesforce-service-cloud.svg]
[I-swipeTech.com/assets/images/svg-icons/salesforce-marketing-cloud-and-pardot.svg]
[I-swipeTech.com/assets/images/svg-icons/salesforce-vlocity.svg]
[I-swipeTech.com/assets/images/svg-icons/salesforce-community-cloud.svg]
[I-swipeTech.com/assets/images/svg-icons/salesforce-commerce-cloud.svg]
[I-swipeTech.com/assets/images/svg-icons/salesforce-apttus.svg]
[I-swipeTech.com/assets/images/svg-icons/salesforce-mulesoft.svg]
[I-swipeTech.com/assets/images/svg-icons/salesforce-field-service-lightning.svg]
[I-swipeTech.com/case_studies/Elevating-Testing-Practices-at-a-Leading-University.html]
[I-swipeTech.com/case_studies/Streamlining Employee Data Flow.html]
[I-swipeTech.com/storage/case-studies-infos/June2024/Z0luvrV3DOZgA9l7TPsa.jpg]
[I-swipeTech.com/case_studies/Building a Thriving Online Community with CityPolarna.html]
[I-swipeTech.com/case_studies/Optimizing Cash-on-Delivery (COD) for Retail Success.html]
[I-swipeTech.com/storage/case-studies-infos/June2024/6l7I8vkGLgV4smzRDbf4.jpg]
[I-swipeTech.com/case_studies/Streamlining Marketing Journeys with Automated Data Integration.html]
[I-swipeTech.com/assets/images/svg-icons/dynamics-365-consulting.svg]
[I-swipeTech.com/assets/images/svg-icons/dynamics-365-implementation.svg]
[I-swipeTech.com/assets/images/svg-icons/dynamics-365-customization.svg]
[I-swipeTech.com/assets/images/svg-icons/dynamics-365-power-apps-development.svg]
[I-swipeTech.com/assets/images/svg-icons/dynamics-365-migrations-cloud.svg]
[I-swipeTech.com/assets/images/svg-icons/dynamics-365-integrations.svg]
[I-swipeTech.com/assets/images/svg-icons/dynamics-365-training.svg]
[I-swipeTech.com/assets/images/svg-icons/dynamics-365-support.svg]
[I-swipeTech.com/assets/images/svg-icons/microsoft_dynamics_365_business_central.svg]
[I-swipeTech.com/assets/images/svg-icons/microsoft_dynamics_365_CRM.svg]
[I-swipeTech.com/assets/images/svg-icons/microsoft_dynamics_365_finance_and_operations.svg]
[I-swipeTech.com/assets/images/svg-icons/microsoft_dynamics_365_AX.svg]
[I-swipeTech.com/assets/images/svg-icons/dynamics-365-upgrades.svg]
[I-swipeTech.com/assets/images/svg-icons/dynamics-365-marketing-automation.svg]
[I-swipeTech.com/assets/images/svg-icons/dynamics-365-field-service.svg]
[I-swipeTech.com/assets/images/svg-icons/dynamics-365-business-intelligence.svg]
[I-swipeTech.com/case_studies/Optimizing Construction Workflows with a Custom-Built Portal.html]
[I-swipeTech.com/case_studies/Building Secure Collaborative Workspaces for an IT & Data Services Company.html]
[I-swipeTech.com/case_studies/Streamlining Event Management & Community Building with a Scalable Booking App.html]
[I-swipeTech.com/case_studies/Facilitating Collaborative Workspaces for Internal and External Stakeholders.html]
[I-swipeTech.com/case_studies/Enhancing Financial & Statistical Reporting with Sage Intacct.html]
[I-swipeTech.com/assets/images/svg-icons/programming.svg]
[I-swipeTech.com/case_studies/Enhancing Client Engagement with a User-Friendly Extranet Portal.html]
[I-swipeTech.com/storage/case-studies-infos/May2024/KOQF2IvD6pRn847q0dcy.jpg]
[I-swipeTech.com/case_studies/Valo Intranet and Extranet Development.html]
[I-swipeTech.com/storage/case-studies-infos/May2024/OLixxDTIg5H3AQQcV0NW.jpg]
[I-swipeTech.com/case_studies/Salesforce Community Cloud Customization.html]
[I-swipeTech.com/case_studies/Streamlining-Invoice-Processing.html]
[I-swipeTech.com/case_studies/Automating-Reconciliation.html]
[I-swipeTech.com/case_studies/Streamlining-Data-Insights.html]
[I-swipeTech.com/case_studies/Elnative.html]
[I-swipeTech.com/case_studies/Streamlining Content Management & Investment Analysis for a major Financial Services Corporation.html]
[I-swipeTech.com/case_studies/Seamless-Migration.html]
[I-swipeTech.com/assets/images/svg-icons/marketing-platform-assessment-integrations.svg]
[I-swipeTech.com/assets/images/svg-icons/marketing-automation-platform-evaluation.svg]
[I-swipeTech.com/assets/images/svg-icons/marketing-platform-setup-management-support.svg]
[I-swipeTech.com/assets/images/svg-icons/marketing-automation-platform-setup.svg]
[I-swipeTech.com/assets/images/svg-icons/customer-segmentation-list-management.svg]
[I-swipeTech.com/assets/images/svg-icons/demand-generation-strategies.svg]
[I-swipeTech.com/assets/images/svg-icons/lead-management.svg]
[I-swipeTech.com/assets/images/svg-icons/lead-reporting-campaign-analytics.svg]
[I-swipeTech.com/assets/images/svg-icons/platform-integration-crm-systems.svg]
[I-swipeTech.com/assets/images/svg-icons/salesforce-pardot.svg]
[I-swipeTech.com/assets/images/svg-icons/marketo.svg]
[I-swipeTech.com/assets/images/svg-icons/hubspot-marketing-hub.svg]
[I-swipeTech.com/assets/images/svg-icons/mautic.svg]
[I-swipeTech.com/assets/images/svg-icons/active-campaign.svg]
[I-swipeTech.com/case_studies/Salesforce Community (Experience) Cloud Implementation.html]
[I-swipeTech.com/case_studies/Boosting Organization-wide Collaboration with an Intranet Portal.html]
[I-swipeTech.com/storage/case-studies-infos/May2024/D1KwFpUbsWi7q1VyiZqR.jpg]
[I-swipeTech.com/case_studies/CPQ Setup and Configuration.html]
[I-swipeTech.com/storage/case-studies-infos/May2024/P50DamOqK9We2XETMdlz.jpg]
[I-swipeTech.com/case_studies/Salesforce for Commercial Real Estate.html]
[I-swipeTech.com/assets/images/svg-icons/salesforce-einstein.svg]
[I-swipeTech.com/assets/images/svg-icons/oracle-business-intelligence.svg]
[I-swipeTech.com/assets/images/svg-icons/sap-bi.svg]
[I-swipeTech.com/assets/images/svg-icons/power-bi.svg]
[I-swipeTech.com/assets/images/svg-icons/tableau.svg]
[I-swipeTech.com/case_studies/Streamlining Accounts Payable for a Major Power Equipment Manufacturer.html]
[I-swipeTech.com/case_studies/Salesforce CPQ config, order management orchestration, and integrations.html]
[I-swipeTech.com/storage/case-studies-infos/May2024/cuihi5xSmPjrd71AAnj6.jpg]
[I-swipeTech.com/case_studies/Fostering Collaboration between Clients and Service Providers.html]
[I-swipeTech.com/assets/images/svg-icons/migration.svg]
[I-swipeTech.com/assets/images/svg-icons/design-development.svg]
[I-swipeTech.com/assets/images/svg-icons/security.svg]
[I-swipeTech.com/assets/images/svg-icons/document-management.svg]
[I-swipeTech.com/assets/images/svg-icons/centralized-administration.svg]
[I-swipeTech.com/assets/images/svg-icons/multi-purpose.svg]
[I-swipeTech.com/assets/images/svg-icons/ui-ux-improvement.svg]
[I-swipeTech.com/case_studies/Empowering-Education-Marketing.html]
[I-swipeTech.com/case_studies/Centralizing Information for an Automotive Group with a SharePoint Portal.html]
[I-swipeTech.com/case_studies/Building a Sustainable and Scalable E-Commerce Platform.html]
[I-swipeTech.com/assets/images/svg-icons/deployment.svg]
[I-swipeTech.com/assets/images/svg-icons/app-development.svg]
[I-swipeTech.com/assets/images/svg-icons/strategic-assessment.svg]
[I-swipeTech.com/case_studies/Resolving-Data-Synchronization-Issues.html]
[I-swipeTech.com/case_studies/Cultivating Success.html]
[I-swipeTech.com/case_studies/Building a Scalable Restaurant Management Platform with Baemingo.html]
[I-swipeTech.com/assets/images/odoo/implementation-customization.svg]
[I-swipeTech.com/assets/images/odoo/data-migration-integration.svg]
[I-swipeTech.com/assets/images/odoo/development-customization.svg]
[I-swipeTech.com/assets/images/odoo/training-support.svg]
[I-swipeTech.com/case_studies/Integrating EFTSure with D365 Business Central for Healthcare Vendor Management.html]
[I-swipeTech.com/case_studies/Reimagining a Furniture Brand's Digital Presence_ A Seamless Platform Migration.html]
[I-swipeTech.com/storage/case-studies-infos/May2024/sULoWmo4pjbNBgs0y74o.jpg]
[I-swipeTech.com/case_studies/Improving Financial  Operations for a Top Financial Services Firm.html]
[I-swipeTech.com/case_studies/Empowering Sustainable Entrepreneurs with Ezone.html]
[I-swipeTech.com/assets/images/it-support/comprehensive/rapid-troubleshooting-system-optimization.svg]
[I-swipeTech.com/assets/images/it-support/comprehensive/secure-reliable-networking.svg]
[I-swipeTech.com/assets/images/it-support/comprehensive/expert-system-administration.svg]
[I-swipeTech.com/assets/images/it-support/comprehensive/proactive-cybersecurity-solutions.svg]
[I-swipeTech.com/assets/images/it-support/comprehensive/seamless-cloud-integration-management.svg]
[I-swipeTech.com/assets/images/it-support/comprehensive/it-support.svg]
[I-swipeTech.com/assets/images/it-support/tools-technologies/operating-systems.svg]
[I-swipeTech.com/assets/images/it-support/tools-technologies/ticketing-service-management.svg]
[I-swipeTech.com/assets/images/it-support/tools-technologies/remote-support-tools.svg]
[I-swipeTech.com/assets/images/it-support/tools-technologies/network-management-solutions.svg]
[I-swipeTech.com/assets/images/it-support/tools-technologies/data-backup-recovery.svg]
[I-swipeTech.com/assets/images/it-support/tools-technologies/cybersecurity-tools.svg]
[I-swipeTech.com/assets/images/it-support/tools-technologies/cloud-management-tools.svg]
[I-swipeTech.com/assets/images/it-support/tools-technologies/mobile-device-management.svg]
[I-swipeTech.com/case_studies/Streamlining Complex Pricing Challenges with Apttus CPQ.html]
[I-swipeTech.com/case_studies/Building a Cutting-Edge UI Theme with Ecco.html]
[I-swipeTech.com/assets/images/svg-icons/web-app-development.svg]
[I-swipeTech.com/assets/images/svg-icons/website-development.svg]
[I-swipeTech.com/assets/images/svg-icons/mobile-app-development.svg]
[I-swipeTech.com/assets/images/svg-icons/qa-software-testing.svg]
[I-swipeTech.com/assets/images/svg-icons/frontend-development.svg]
[I-swipeTech.com/assets/images/svg-icons/backend-development.svg]
[I-swipeTech.com/assets/images/svg-icons/dotnet.svg]
[I-swipeTech.com/assets/images/svg-icons/php.svg]
[I-swipeTech.com/assets/images/svg-icons/js.svg]
[I-swipeTech.com/assets/images/svg-icons/python.svg]
[I-swipeTech.com/assets/images/svg-icons/accessibility.svg]
[I-swipeTech.com/assets/images/svg-icons/deliver-value.svg]
[I-swipeTech.com/assets/images/svg-icons/transform-marketing-sales-experience.svg]
[I-swipeTech.com/assets/images/svg-icons/build-business.svg]
[I-swipeTech.com/assets/images/svg-icons/cultivate-client.svg]
[I-swipeTech.com/assets/images/svg-icons/increase-flexibility.svg]
[I-swipeTech.com/storage/case-studies-infos/May2024/otCWWaFqhkRjEuwYihd7.jpg]
[I-swipeTech.com/case_studies/Salesforce SharePoint Integration.html]
[I-swipeTech.com/storage/case-studies-infos/May2024/sb4QkEf790nN14y0YgF9.jpg]
[I-swipeTech.com/case_studies/Salesforce-Event Monitoring Analytics.html]
[I-swipeTech.com/assets/images/svg-icons/legacy-application-conversion.svg]
[I-swipeTech.com/assets/images/svg-icons/cms.svg]
[I-swipeTech.com/case_studies/Salesforce-Mailchimp-Microsoft Teams Integration.html]
[I-swipeTech.com/storage/case-studies-infos/May2024/zS6cADDVOPuspN3TXyew.jpg]
[I-swipeTech.com/case_studies/Enhancing Product Safety with a Collaborative SharePoint Portal.html]
[I-swipeTech.com/assets/images/svg-icons/full-stack.svg]
[I-swipeTech.com/assets/images/svg-icons/api-development.svg]
[I-swipeTech.com/assets/images/svg-icons/framework.svg]
[I-swipeTech.com/assets/images/svg-icons/e-commerce.svg]
[I-swipeTech.com/assets/images/svg-icons/open-source.svg]
[I-swipeTech.com/assets/images/svg-icons/python-application-development.svg]
[I-swipeTech.com/assets/images/svg-icons/python-mobile-app-development.svg]
[I-swipeTech.com/assets/images/svg-icons/prototype.svg]
[I-swipeTech.com/assets/images/svg-icons/discovery.svg]
[I-swipeTech.com/assets/images/svg-icons/scalability.svg]
[I-swipeTech.com/assets/images/svg-icons/code-readability.svg]
[I-swipeTech.com/assets/images/svg-icons/scientific-apps.svg]
[I-swipeTech.com/assets/images/svg-icons/deal.svg]
[I-swipeTech.com/assets/images/svg-icons/node.svg]
[I-swipeTech.com/assets/images/svg-icons/vue.svg]
[I-swipeTech.com/assets/images/svg-icons/angular.svg]
[I-swipeTech.com/assets/images/svg-icons/react.svg]
[I-swipeTech.com/assets/images/svg-icons/backbone.svg]
[I-swipeTech.com/assets/images/svg-icons/jquery.svg]
[I-swipeTech.com/assets/images/svg-icons/database.svg]
[I-swipeTech.com/assets/images/svg-icons/time-save.svg]
[I-swipeTech.com/case_studies/Enhancing Customer Engagement through Personalized Marketing Emails.html]
[I-swipeTech.com/assets/images/svg-icons/ipad.svg]
[I-swipeTech.com/assets/images/svg-icons/enterprise-mobility.svg]
[I-swipeTech.com/assets/images/svg-icons/android.svg]
[I-swipeTech.com/case_studies/Revolutionizing Patient Care.html]
[I-swipeTech.com/case_studies/Empowering a Financial MNC with Streamlined Content Management.html]
[I-swipeTech.com/storage/case-studies-infos/May2024/t3yPqX3hBf3rMU7J9J4S.jpg]
[I-swipeTech.com/case_studies/Salesforce Org Establishment and Sales & Marketing Cloud Implementation.html]
[I-swipeTech.com/assets/images/svg-icons/data-processing.svg]
[I-swipeTech.com/assets/images/svg-icons/strategy.svg]
[I-swipeTech.com/assets/images/svg-icons/iot-streaming.svg]
[I-swipeTech.com/case_studies/Salesforce CPQ Integration with Payment Gateway.html]
[I-swipeTech.com/case-studies4658.html]
[I-swipeTech.com/case-studies9ba9.html]
[I-swipeTech.com/case-studiesfdb0.html]
[I-swipeTech.com/case-studiesaf4d.html]
[I-swipeTech.com/case-studies2679.html]
[I-swipeTech.com/storage/posts/January2025/s4oltkETPO2etepcCPkA.png]
[I-swipeTech.com/storage/posts/January2025/Understanding Big Data and the Need for Specialized Frameworks.png]
[I-swipeTech.com/blog-details/processing-and-analyzing-large-datasets-with-hadoop-and-spark.html]
[I-swipeTech.com/storage/posts/January2025/Bzfm4IQF5xJAmFJfHGtZ.png]
[I-swipeTech.com/storage/posts/January2025/Benefits of AgentForce 2.0 and Einstein GPT Integration.png]
[I-swipeTech.com/blog-details/agentforce-2-0-and-einstein-gpt-integration-revolutionizing-customer-service.html]
[I-swipeTech.com/storage/posts/December2024/zyRfS6fSDGE3hLQsAJXd.png]
[I-swipeTech.com/storage/posts/December2024/Core Principles of Zero Trust.png]
[I-swipeTech.com/blog-details/implementing-a-zero-trust-security-model-to-protect-against-cyber-threats.html]
[I-swipeTech.com/storage/posts/December2024/Xz1AjMNv6MrutSHN3Udi.png]
[I-swipeTech.com/storage/posts/December2024/Benefits of ServiceNow API Integration.png]
[I-swipeTech.com/blog-details/servicenow-api-integration-using-the-power-of-connectivity.html]
[I-swipeTech.com/storage/posts/December2024/VqsbosFrnOLEL4sDov7u.png]
[I-swipeTech.com/storage/posts/December2024/Best Practices for Asynchronous Apex.png]
[I-swipeTech.com/blog-details/asynchronous-apex-mastering-background-processing-in-salesforce.html]
[I-swipeTech.com/storage/posts/December2024/etBM5ZgeCYYg8aMEEHcd.png]
[I-swipeTech.com/storage/posts/December2024/Benefits of Salesforce AgentForce1.png]
[I-swipeTech.com/blog-details/salesforce-agentforce-an-ai-driven-approach-to-customer-service.html]
[I-swipeTech.com/storage/posts/December2024/YeJHqBOzCgwvYJvuazlI.png]
[I-swipeTech.com/blog-details/netsuite-s-odata-api-a-powerful-tool-for-data-access-and-integration.html]
[I-swipeTech.com/storage/posts/November2024/CRssNuoZkMe7QJRbsJ1L.png]
[I-swipeTech.com/storage/posts/November2024/Building Complex Workflows with SuiteFlow's Advanced Features (3).png]
[I-swipeTech.com/blog-details/building-complex-workflows-with-suiteflow-s-advanced-features.html]
[I-swipeTech.com/storage/posts/November2024/8AURVZRnLzUrjWxgPdPB.png]
[I-swipeTech.com/storage/posts/November2024/Key benefits of granular customer segmentation.png]
[I-swipeTech.com/blog-details/advanced-data-modeling-techniques-for-creating-granular-customer-segments.html]
[I-swipeTech.com/storage/posts/November2024/ZsGV1FDLCps2RLhlcT6T.png]
[I-swipeTech.com/storage/posts/November2024/Key Features of NetSuite for PSA1.png]
[I-swipeTech.com/blog-details/netsuite-for-professional-services-automation-psa.html]
[I-swipeTech.com/storage/posts/November2024/Zxy9F8TYDJTYx2ucIFQo.png]
[I-swipeTech.com/storage/posts/November2024/Benefits of Webhooks and Event Subscriptions in NetSuite.png]
[I-swipeTech.com/blog-details/implementing-webhooks-and-event-subscriptions-for-real-time-integration-in-netsuite.html]
[I-swipeTech.com/storage/posts/November2024/dX8wLwjxamO1PBLPI98Q.png]
[I-swipeTech.com/storage/posts/October2024/Building Custom NetSuite Dashboards with SuiteAnalytics and KPIs-1 (1).png]
[I-swipeTech.com/blog-details/building-custom-netsuite-dashboards.html]
[I-swipeTech.com/blog-details/developing-suitelets-for-custom-user-interfaces-and-actions-in-netsuite.html]
[I-swipeTech.com/storage/posts/November2024/7wdV0v1ticMaLx9UnUpI.png]
[I-swipeTech.com/blog-details/cordova-and-ionic-a-powerful-duo-for-hybrid-mobile-app-development.html]
[I-swipeTech.com/storage/posts/October2024/udUJq8AEG6Y9QxIVSzOf.png]
[I-swipeTech.com/blog-details/building-custom-extensions-and-integrations-for-marketing-automation-platforms.html]
[I-swipeTech.com/storage/posts/October2024/wM1BqbSYzeaTZ7zZ7CCd.png]
[I-swipeTech.com/blog-details/integrating-chatbots-into-marketing-automation-workflows-for-enhanced-customer-engagement.html]
[I-swipeTech.com/storage/posts/October2024/fh01VuQHnllXOceZ9FNp.png]
[I-swipeTech.com/blog-details/netsuite-and-asc-606-ensuring-accurate-revenue-recognition.html]
[I-swipeTech.com/storage/posts/October2024/q9olQhxF8Xnza99VClMx.png]
[I-swipeTech.com/blog-details/automating-workflows-and-improving-efficiency-using-machine-learning-and-ai-in-netsuite.html]
[I-swipeTech.com/storage/posts/October2024/LpgvgNc1GMdRmxQnfvTV.png]
[I-swipeTech.com/blog-details/optimizing-inventory-management-with-netsuite-demand-planning.html]
[I-swipeTech.com/storage/posts/October2024/lvqHXrtoEh8C8ij5DZFL.png]
[I-swipeTech.com/blog-details/how-aiops-is-transforming-network-management.html]
[I-swipeTech.com/storage/posts/September2024/DBZI3nTPlH0cKTELMJ9w.png]
[I-swipeTech.com/storage/posts/September2024/ac2l2i7t2VpDM5ybXqxp.png]
[I-swipeTech.com/storage/posts/September2024/Pkch7bAdxdGujEXtwsBt.png]
[I-swipeTech.com/blog-details/servicenow-scripting-with-servicenow-scripting-engine-for-advanced-automation-blog.html]
[I-swipeTech.com/blog-details/augmented-analytics-and-natural-language-querying-in-tableau-crm.html]
[I-swipeTech.com/storage/posts/September2024/joO9pDBtQjfgf7MovRYI.png]
[I-swipeTech.com/blog-details/data-lakehouse-a-hybrid-approach-to-unifying-data-storage-and-analytics.html]
[I-swipeTech.com/blog-details/mastering-containerization-and-microservices-with-kubernetes.html]
[I-swipeTech.com/storage/posts/September2024/ovIaHLi8AVRZCV06SIhi.png]
[I-swipeTech.com/blog4658.html]
[I-swipeTech.com/blog2679.html]
[I-swipeTech.com/blog-details/combating-cloud-waste-a-guide-to-avoid-overprovisioning-cloud-resources.html]
[I-swipeTech.com/storage/posts/September2024/Mv7B26jrYvrtiPhKMRLD.png]
[I-swipeTech.com/blog-details/integrating-servicenow-with-itsm-tools-like-bmc-remedy-or-cherwell.html]
[I-swipeTech.com/storage/posts/September2024/WNMdSsib8H6KkIG0AsNZ.png]
[I-swipeTech.com/blog-details/embedding-tableau-crm-insights-into-salesforce-applications.html]
[I-swipeTech.com/storage/posts/September2024/yLlUD1bsuno1iekSJuDM.png]
[I-swipeTech.com/blog-details/building-integration-flows-with-mulesoft-anypoint-studio-and-design-center.html]
[I-swipeTech.com/storage/posts/September2024/WM9pcDItYSlmhxibZT4m.png]
[I-swipeTech.com/blog-details/typescript-for-enhanced-type-safety-and-maintainability-in-react-projects.html]
[I-swipeTech.com/storage/posts/September2024/tIhsrGrvTeOxGIrUx5U3.png]
[I-swipeTech.com/blog-details/managing-complex-consolidations-and-multi-entity-accounting-with-sage-intacct.html]
[I-swipeTech.com/storage/posts/September2024/5HNBKSwAdYwSvNuDZigu.png]
[I-swipeTech.com/blog-details/salesforce-and-mulesoft-a-powerful-combination-for-digital-transformation.html]
[I-swipeTech.com/storage/posts/August2024/5QwsS7moLMkQQ3ikThcq.png]
[I-swipeTech.com/blog-details/leveraging-static-site-generators-ssgs-with-php-frameworks.html]
[I-swipeTech.com/storage/posts/August2024/HtXjj5VaxX8i593HVJGD.png]
[I-swipeTech.com/blog-details/continuous-integration-and-continuous-delivery-ci-cd-for-mobile-app-development.html]
[I-swipeTech.com/storage/posts/August2024/fDQcAN2tjcJzr2a0WTLM.png]
[I-swipeTech.com/blog-details/building-laravel-spas-single-page-applications-with-vue-js-or-react-integration.html]
[I-swipeTech.com/storage/posts/August2024/O8QhjPfqbVsP3CQBnfIh.png]
[I-swipeTech.com/blog-details/building-complex-web-applications-with-laravel-s-eloquent-orm-object-relational-mapper.html]
[I-swipeTech.com/storage/posts/August2024/GtR5t9LCJ0W1zjKcVNY8.png]
[I-swipeTech.com/blog-details/leveraging-artificial-intelligence-ai-and-machine-learning-ml-for-predictive-analytics-in-sage-intacct.html]
[I-swipeTech.com/storage/posts/August2024/aIAPpZVwVJfmPoRTEA4g.png]
[I-swipeTech.com/blog9ba9.html]
[I-swipeTech.com/blog-details/implementing-robotic-process-automation-rpa-for-streamlined-accounting-tasks.html]
[I-swipeTech.com/storage/posts/August2024/fcZiSo4Vxig7QvwTR3F9.png]
[I-swipeTech.com/blog-details/workflow-automation-in-servicenow-with-flow-designer-for-complex-processes.html]
[I-swipeTech.com/storage/posts/August2024/y7aZFBd1Tqk0q8JuzGfY.png]
[I-swipeTech.com/blog-details/node-js-and-the-rise-of-the-jamstack-javascript-apis-markdown-architecture.html]
[I-swipeTech.com/storage/posts/August2024/rqA1zv5OWyDRnuPWNJpx.png]
[I-swipeTech.com/blog-details/advanced-data-warehousing-techniques-for-efficient-data-storage-and-retrieval.html]
[I-swipeTech.com/storage/posts/July2024/doXONUnumlmkbC1yJIWX.png]
[I-swipeTech.com/blog-details/integrating-servicenow-with-popular-itsm-and-itom-tools-using-apis.html]
[I-swipeTech.com/storage/posts/July2024/E9O0B1sgwVmdhPYV7STP.png]
[I-swipeTech.com/blog-details/explainable-ai-xai-making-ai-models-more-transparent-and-interpretable.html]
[I-swipeTech.com/storage/posts/August2024/SmafusmU8T1ibfrFTZvl.png]
[I-swipeTech.com/blog-details/leveraging-reinforcement-learning-for-solving-complex-optimization-problems.html]
[I-swipeTech.com/storage/posts/August2024/gKoaOzUeMksjsVYmwFOX.png]
[I-swipeTech.com/storage/posts/July2024/k8w7KkyYiD0nlqdeHbLx.png]
[I-swipeTech.com/blog-details/optimizing-sharepoint-search-performance-with-advanced-crawling-and-indexing-techniques.html]
[I-swipeTech.com/blog-details/optimizing-servicenow-performance-with-configuration-management-database-cmdb-best-practices.html]
[I-swipeTech.com/storage/posts/July2024/mNs88abhnmQcVjEQ3a9r.png]
[I-swipeTech.com/blog-details/inventory-management-best-practices-for-growing-businesses-using-sage-intacct-100.html]
[I-swipeTech.com/storage/posts/July2024/bsOI0drWwaPKbIfKXTFB.png]
[I-swipeTech.com/blog-details/netsuite-data-security-implementing-role-based-access-controls-rbac.html]
[I-swipeTech.com/storage/posts/July2024/kttG4IaY2XEtG0HbklK3.png]
[I-swipeTech.com/blog-details/a-comparison-of-top-php-frameworks-laravel-symfony-codeigniter-etc-choosing-the-best-fit.html]
[I-swipeTech.com/storage/posts/June2024/GwI5CpI1c9wsJ9EkTv9H.png]
[I-swipeTech.com/blogfdb0.html]
[I-swipeTech.com/blog-details/netsuite-customization-frameworks-a-comparison-of-suitescript-and-suitecloud.html]
[I-swipeTech.com/storage/posts/June2024/JU5xsvltdM3yr1w5rrjV.png]
[I-swipeTech.com/blog-details/salesforce-einstein-analytics-a-comprehensive-guide.html]
[I-swipeTech.com/storage/posts/June2024/qlk4DfeVFk9nPlh8issb.png]
[I-swipeTech.com/blog-details/streamlining-mobile-app-development-a-deep-dive-into-ci-cd.html]
[I-swipeTech.com/storage/posts/June2024/9YLdbAIZnlfOO76c2sxC.png]
[I-swipeTech.com/blog-details/the-beginner-s-guide-to-customizing-entities-and-workflows-in-dynamics-365.html]
[I-swipeTech.com/storage/posts/June2024/czsmiY75att5jWQapSDr.png]
[I-swipeTech.com/blog-details/securing-your-native-app-implementing-secure-authentication-and-authorization.html]
[I-swipeTech.com/storage/posts/June2024/iPrtzFzibvC1NqoUGZuq.png]
[I-swipeTech.com/blog-details/the-rise-of-serverless-functions-how-php-can-adapt-and-stay-relevant.html]
[I-swipeTech.com/storage/posts/June2024/C3vqtz8pMIgj5V31DPmK.png]
[I-swipeTech.com/blog-details/the-ultimate-guide-to-choosing-the-right-microsoft-dynamics-365-version-for-your-business.html]
[I-swipeTech.com/storage/posts/June2024/CLKYZadw9juWerP8rgmj.png]
[I-swipeTech.com/blog-details/7-proven-strategies-to-increase-user-adoption-of-your-new-salesforce-implementation.html]
[I-swipeTech.com/storage/posts/June2024/jqWyFjBEIm6rgcbqm7PW.png]
[I-swipeTech.com/blog-details/the-beginner-s-guide-to-creating-custom-fields-and-objects-in-salesforce.html]
[I-swipeTech.com/storage/posts/June2024/RkGcTHBSilAjZOShZ85t.png]
[I-swipeTech.com/blog-details/salesforce-automation-hacks-to-streamline-your-sales-process-boost-efficiency-and-close-more-deals.html]
[I-swipeTech.com/storage/posts/June2024/ew7WqVeaRTpRmA8SbZk9.png]
[I-swipeTech.com/blog-details/the-ultimate-guide-to-choosing-the-right-salesforce-cloud-for-your-business.html]
[I-swipeTech.com/storage/posts/June2024/00RaquaOtvTG6kLM40tO.png]
[I-swipeTech.com/blogaf4d.html]
[I-swipeTech.com/assets/images/careers/icon-job.svg]
[I-swipeTech.com/assets/images/careers/job.svg]
[I-swipeTech.com/assets/images/careers/exp.svg]
[I-swipeTech.com/assets/images/careers/time.svg]
[I-swipeTech.com/assets/images/careers/opning.svg]
[I-swipeTech.com/assets/images/careers/location.svg]
[I-swipeTech.com/careers-detail/30/Salesforce-DX-Developer.html]
[I-swipeTech.com/assets/images/careers/icon-job1.svg]
[I-swipeTech.com/careers-detail/29/Salesforce-Business-Analyst.html]
[I-swipeTech.com/assets/images/careers/icon-job2.svg]
[I-swipeTech.com/careers-detail/28/Accounts-Assistant-(Australian-Accounting).html]
[I-swipeTech.com/assets/images/careers/icon-job3.svg]
[I-swipeTech.com/careers-detail/26/Technical-Architect.html]
[I-swipeTech.com/careers-detail/20/ServiceNow-Designer.html]
[I-swipeTech.com/careers-detail/19/ServiceNow-Developer.html]
[I-swipeTech.com/careers-detail/15/Freelance-Recruiter.html]
[I-swipeTech.com/careers-detail/12/Salesforce-Sales-Cloud-Developer.html]
[I-swipeTech.com/careers-detail/8/Salesforce-Tech-Lead.html]
[I-swipeTech.com/careers-detail/7/Business-Development-Executive.html]
[I-swipeTech.com/assets/images/careers/select-icon-01.svg]
[I-swipeTech.com/assets/images/careers/select-icon-02.svg]
[I-swipeTech.com/assets/images/careers/select-icon-03.svg]
[I-swipeTech.com/assets/images/careers/select-icon-04.svg]
[I-swipeTech.com/assets/images/svg-icons/arrow-next.svg]
[I-swipeTech.com/assets/images/svg-icons/check.svg]
[I-swipeTech.com/assets/images/svg-icons/minus.svg]
[I-swipeTech.com/assets/images/svg-icons/plus.svg]
[I-swipeTech.com/assets/images/svg-icons/industry.svg]
[I-swipeTech.com/assets/images/svg-icons/technology.svg]
[I-swipeTech.com/assets/images/svg-icons/arrow-left.svg]
[I-swipeTech.com/storage/index.html]
[I-swipeTech.com/case_studies/Streamlining Employee Data Flow.html]
[I-swipeTech.com/case_studies/Optimizing Cash-on-Delivery (COD) for Retail Success.html]
[I-swipeTech.com/case_studies/Streamlining Event Management & Community Building with a Scalable Booking App.html]
[I-swipeTech.com/case_studies/Enhancing Client Engagement with a User-Friendly Extranet Portal.html]
[I-swipeTech.com/case_studies/Valo Intranet and Extranet Development.html]
[I-swipeTech.com/case_studies/Salesforce Community (Experience) Cloud Implementation.html]
[I-swipeTech.com/case_studies/CPQ Setup and Configuration.html]
[I-swipeTech.com/case_studies/Salesforce CPQ config, order management orchestration, and integrations.html]
[I-swipeTech.com/case_studies/Reimagining a Furniture Brand's Digital Presence_ A Seamless Platform Migration.html]
[I-swipeTech.com/case_studies/Streamlining IT Services and Knowledge Sharing through a Managed Services Site.html]
[I-swipeTech.com/case_studies/Streamlining Complex Pricing Challenges with Apttus CPQ.html]
[I-swipeTech.com/case_studies/Salesforce SharePoint Integration.html]
[I-swipeTech.com/case_studies/Salesforce-Mailchimp-Microsoft Teams Integration.html]
[I-swipeTech.com/case_studies/Empowering a Financial MNC with Streamlined Content Management.html]
[I-swipeTech.com/case_studies/Salesforce CPQ Integration with Payment Gateway.html]
[I-swipeTech.com/case-studies2679.html]
[I-swipeTech.com/erp-crm-services/index.html]
[I-swipeTech.com/storage/posts/November2024/5tQT7pmrjeo6K9l3XWvn.png]
[I-swipeTech.com/storage/posts/November2024/Benefits of Using Suitelets.png]
[I-swipeTech.com/blog-details/developing-suitelets-for-custom-user-interfaces-and-actions-in-netsuite.html]
[I-swipeTech.com/storage/posts/October2024/AhFZbZtBxr1SzmIgvoZD.png]
[I-swipeTech.com/storage/posts/October2024/Benefits of Using Cordova and Ionic.png]
[I-swipeTech.com/blog-details/cordova-and-ionic-a-powerful-duo-for-hybrid-mobile-app-development.html]
[I-swipeTech.com/storage/posts/October2024/9SmDaELan3c1LSQQpaBj.png]
[I-swipeTech.com/storage/posts/October2024/Building Custom Extensions and Integrations.png]
[I-swipeTech.com/blog-details/building-custom-extensions-and-integrations-for-marketing-automation-platforms.html]
[I-swipeTech.com/storage/posts/October2024/kvmMMJIyoaR304qocw6a.png]
[I-swipeTech.com/storage/posts/October2024/Benefits of Integrating Chatbots into Marketing Automation.png]
[I-swipeTech.com/blog-details/integrating-chatbots-into-marketing-automation-workflows-for-enhanced-customer-engagement.html]
[I-swipeTech.com/storage/posts/October2024/EqtGMAMTRNlCuHPvuVzd.png]
[I-swipeTech.com/storage/posts/October2024/NetSuite's Role in ASC 606 Compliance.png]
[I-swipeTech.com/blog-details/netsuite-and-asc-606-ensuring-accurate-revenue-recognition.html]
[I-swipeTech.com/storage/posts/October2024/FIsVxUYQlXFpDrn8jaJk.png]
[I-swipeTech.com/storage/posts/October2024/Key applications of ML and AI in NetSuite.png]
[I-swipeTech.com/blog-details/automating-workflows-and-improving-efficiency-using-machine-learning-and-ai-in-netsuite.html]
[I-swipeTech.com/storage/posts/October2024/4HUktijyQ3skAags09FQ.png]
[I-swipeTech.com/storage/posts/October2024/Key features of NetSuite Demand Planning.png]
[I-swipeTech.com/blog-details/optimizing-inventory-management-with-netsuite-demand-planning.html]
[I-swipeTech.com/storage/posts/September2024/oR1gYFMFpuZiajuDbQ8K.png]
[I-swipeTech.com/storage/posts/September2024/Benefits of AIOps in Network Management.png]
[I-swipeTech.com/blog-details/how-aiops-is-transforming-network-management.html]
[I-swipeTech.com/storage/posts/September2024/Sn3pCe3pp6EPHPfHh5Ne.png]
[I-swipeTech.com/storage/posts/September2024/Key features and benefits of Kubernetes_ (1).png]
[I-swipeTech.com/blog-details/mastering-containerization-and-microservices-with-kubernetes.html]
[I-swipeTech.com/storage/posts/September2024/OlSFBueQP36VwBPAj0ls.png]
[I-swipeTech.com/storage/posts/August2024/Core Scripting Constructs and Functions.png]
[I-swipeTech.com/blog-details/servicenow-scripting-with-servicenow-scripting-engine-for-advanced-automation-blog.html]
[I-swipeTech.com/storage/posts/September2024/atPfr9BBzlB40nSsKfOo.png]
[I-swipeTech.com/storage/posts/September2024/Augmented Analytics and Natural Language Querying in Tableau CRM 2.png]
[I-swipeTech.com/blog-details/augmented-analytics-and-natural-language-querying-in-tableau-crm.html]
[I-swipeTech.com/storage/posts/September2024/1wZGD6xuqzLHiSRb0lUZ.png]
[I-swipeTech.com/storage/posts/September2024/A Hybrid Approach to Unifying Data Storage and Analytics 21.png]
[I-swipeTech.com/blog-details/data-lakehouse-a-hybrid-approach-to-unifying-data-storage-and-analytics.html]
[I-swipeTech.com/blog2679.html]
[I-swipeTech.com/storage/posts/September2024/d2aQ1Z9ng3XtOCFEVGwn.png]
[I-swipeTech.com/storage/posts/September2024/Understanding Cloud Waste.png]
[I-swipeTech.com/blog-details/combating-cloud-waste-a-guide-to-avoid-overprovisioning-cloud-resources.html]
[I-swipeTech.com/storage/posts/September2024/qh55GyKBqJ1oKNyLmFv4.png]
[I-swipeTech.com/storage/posts/September2024/Integrating ServiceNow with ITSM tools like BMC Remedy or Cherwell can offer numerous advantages_.png]
[I-swipeTech.com/admin/login.html]
[I-swipeTech.com/blog-details/integrating-servicenow-with-itsm-tools-like-bmc-remedy-or-cherwell.html]
[I-swipeTech.com/storage/posts/September2024/SwUOQfuy9kHzBeb7qCwk.png]
[I-swipeTech.com/storage/posts/September2024/Key components of the integration (1).png]
[I-swipeTech.com/blog-details/embedding-tableau-crm-insights-into-salesforce-applications.html]
[I-swipeTech.com/storage/posts/September2024/Lu78PSQDV2kfME0Mh74U.png]
[I-swipeTech.com/storage/posts/September2024/Building Integration Flows with Anypoint Studio.png]
[I-swipeTech.com/blog-details/building-integration-flows-with-mulesoft-anypoint-studio-and-design-center.html]
[I-swipeTech.com/storage/posts/September2024/lhp0uQ2hhiO4fXHTYvS4.png]
[I-swipeTech.com/storage/posts/September2024/Key benefits of using TypeScript in React projects.png]
[I-swipeTech.com/blog-details/typescript-for-enhanced-type-safety-and-maintainability-in-react-projects.html]
[I-swipeTech.com/storage/posts/September2024/oQmSpO05jJ7CUdFJC7ny.png]
[I-swipeTech.com/storage/posts/September2024/Sage Intacct 2.png]
[I-swipeTech.com/blog-details/managing-complex-consolidations-and-multi-entity-accounting-with-sage-intacct.html]
[I-swipeTech.com/storage/posts/August2024/AIwu4RrYQnMYVUEBqhZK.png]
[I-swipeTech.com/storage/posts/August2024/Key Integration Scenarios.png]
[I-swipeTech.com/blog-details/salesforce-and-mulesoft-a-powerful-combination-for-digital-transformation.html]
[I-swipeTech.com/storage/posts/August2024/zaMw0EC1jc9j8Z55SJ0t.png]
[I-swipeTech.com/storage/posts/August2024/Key components of an SSG.png]
[I-swipeTech.com/blog-details/leveraging-static-site-generators-ssgs-with-php-frameworks.html]
[I-swipeTech.com/storage/posts/August2024/WF5y403kYV0ysIFQO2hi.png]
[I-swipeTech.com/storage/posts/August2024/CD for mobile apps (2).png]
[I-swipeTech.com/blog-details/continuous-integration-and-continuous-delivery-ci-cd-for-mobile-app-development.html]
[I-swipeTech.com/storage/posts/August2024/80XYuCxuDrLesHtvC8E8.png]
[I-swipeTech.com/storage/posts/August2024/Key benefits of combining Laravel with Vue.js or React.png]
[I-swipeTech.com/blog-details/building-laravel-spas-single-page-applications-with-vue-js-or-react-integration.html]
[I-swipeTech.com/storage/posts/August2024/4sQdLMUmRsu5Q39qeh6d.png]
[I-swipeTech.com/storage/posts/August2024/Key features of Eloquent (2).png]
[I-swipeTech.com/blog-details/building-complex-web-applications-with-laravel-s-eloquent-orm-object-relational-mapper.html]
[I-swipeTech.com/storage/posts/August2024/AHQmQN3eXs6PyxHDvBUU.png]
[I-swipeTech.com/storage/posts/August2024/AI and ML can be applied across various financial functions.png]
[I-swipeTech.com/blog-details/leveraging-artificial-intelligence-ai-and-machine-learning-ml-for-predictive-analytics-in-sage-intacct.html]
[I-swipeTech.com/storage/posts/August2024/3ISQOZTLEsLRfFcGkUkc.png]
[I-swipeTech.com/storage/posts/August2024/Key components of RPA.png]
[I-swipeTech.com/blog-details/implementing-robotic-process-automation-rpa-for-streamlined-accounting-tasks.html]
[I-swipeTech.com/storage/posts/August2024/82Qf7roxYoLjTEoRiM5P.png]
[I-swipeTech.com/storage/posts/August2024/Best Practices for Flow Designer.png]
[I-swipeTech.com/blog-details/workflow-automation-in-servicenow-with-flow-designer-for-complex-processes.html]
[I-swipeTech.com/storage/posts/August2024/kf6hzOjbSiYcaH7dPPAF.png]
[I-swipeTech.com/storage/posts/August2024/Benefits of the JAMstack Architecture.png]
[I-swipeTech.com/blog-details/node-js-and-the-rise-of-the-jamstack-javascript-apis-markdown-architecture.html]
[I-swipeTech.com/storage/posts/July2024/q33ohvBwYE6CFXc07CHp.png]
[I-swipeTech.com/storage/posts/July2024/Advanced data warehousing techniques address these limitations by.png]
[I-swipeTech.com/blog-details/advanced-data-warehousing-techniques-for-efficient-data-storage-and-retrieval.html]
[I-swipeTech.com/storage/posts/July2024/VdU5KF5LypPqTQVUNSFk.png]
[I-swipeTech.com/blog-details/integrating-servicenow-with-popular-itsm-and-itom-tools-using-apis.html]
[I-swipeTech.com/storage/posts/August2024/o8w5aKfO02l1Nniz2u6h.png]
[I-swipeTech.com/storage/posts/July2024/Benefits of Explainable AI.png]
[I-swipeTech.com/blog-details/explainable-ai-xai-making-ai-models-more-transparent-and-interpretable.html]
[I-swipeTech.com/storage/posts/August2024/H4Y967Z9v8GwkRjJQBEY.png]
[I-swipeTech.com/storage/posts/July2024/What is Reinforcement Learning (RL)_.png]
[I-swipeTech.com/blog-details/leveraging-reinforcement-learning-for-solving-complex-optimization-problems.html]
[I-swipeTech.com/storage/posts/July2024/3YNzak70WZ0SShMKcxYV.png]
[I-swipeTech.com/storage/posts/July2024/Benefits of Optimizing SharePoint Search Performance.png]
[I-swipeTech.com/blog-details/optimizing-sharepoint-search-performance-with-advanced-crawling-and-indexing-techniques.html]
[I-swipeTech.com/storage/posts/July2024/aECgxIyYgRADHxoSAz0u.png]
[I-swipeTech.com/storage/posts/July2024/CMDB Optimization Best Practices.png]
[I-swipeTech.com/blog-details/optimizing-servicenow-performance-with-configuration-management-database-cmdb-best-practices.html]
[I-swipeTech.com/storage/posts/July2024/5y6W3rmdJT7ktxCiSrxP.png]
[I-swipeTech.com/storage/posts/July2024/Sage Intacct 100_ A Powerful Tool for Inventory Management.png]
[I-swipeTech.com/blog-details/inventory-management-best-practices-for-growing-businesses-using-sage-intacct-100.html]
[I-swipeTech.com/storage/posts/July2024/m96f7n6KQlKv8JC3qaaJ.png]
[I-swipeTech.com/storage/posts/July2024/NetSuite Data Security_ Implementing Role-Based Access Controls (RBAC)-1.png]
[I-swipeTech.com/blog-details/netsuite-data-security-implementing-role-based-access-controls-rbac.html]
[I-swipeTech.com/storage/posts/June2024/cVO7CTULFAGZOaUmLUAK.png]
[I-swipeTech.com/storage/posts/June2024/Top PHP Frameworks_ A Detailed Comparison.png]
[I-swipeTech.com/blog-details/a-comparison-of-top-php-frameworks-laravel-symfony-codeigniter-etc-choosing-the-best-fit.html]
[I-swipeTech.com/storage/posts/June2024/QtGL4WtSeQRx0MzYw1VL.png]
[I-swipeTech.com/blog-details/netsuite-customization-frameworks-a-comparison-of-suitescript-and-suitecloud.html]
[I-swipeTech.com/storage/posts/June2024/JwNfwjAOcDC22VZijw0s.png]
[I-swipeTech.com/storage/posts/June2024/Salesforce Einstein Analytics_ A Comprehensive Guide-1.png]
[I-swipeTech.com/blog-details/salesforce-einstein-analytics-a-comprehensive-guide.html]
[I-swipeTech.com/storage/posts/June2024/jjsJXttkoJjbv7v9EMV5.png]
[I-swipeTech.com/storage/posts/June2024/CD for Mobile Apps.png]
[I-swipeTech.com/blog-details/streamlining-mobile-app-development-a-deep-dive-into-ci-cd.html]
[I-swipeTech.com/storage/posts/June2024/K3wCdIGq7oYKnvB7q1sY.png]
[I-swipeTech.com/storage/posts/June2024/Salesforce Data Cleansing_ A Step-by-Step Guide to Keeping Your Data Accurate.png]
[I-swipeTech.com/blog-details/the-beginner-s-guide-to-customizing-entities-and-workflows-in-dynamics-365.html]
[I-swipeTech.com/storage/posts/June2024/3rDK030W4nHDF0do6R1I.png]
[I-swipeTech.com/blog-details/securing-your-native-app-implementing-secure-authentication-and-authorization.html]
[I-swipeTech.com/storage/posts/May2024/vAc2xy1JFY3rOmC271Z0.png]
[I-swipeTech.com/blog-details/the-rise-of-serverless-functions-how-php-can-adapt-and-stay-relevant.html]
[I-swipeTech.com/storage/posts/May2024/QNfcFwkpWNvrV61D1JxF.png]
[I-swipeTech.com/storage/posts/May2024/02 (1).png]
[I-swipeTech.com/blog-details/the-ultimate-guide-to-choosing-the-right-microsoft-dynamics-365-version-for-your-business.html]
[I-swipeTech.com/storage/posts/May2024/IpWGHI3Lif9vgSMXC2sw.png]
[I-swipeTech.com/blog-details/7-proven-strategies-to-increase-user-adoption-of-your-new-salesforce-implementation.html]
[I-swipeTech.com/storage/posts/May2024/6SGsaLtEzYSPL01nk0dS.jpg]
[I-swipeTech.com/blog-details/the-beginner-s-guide-to-creating-custom-fields-and-objects-in-salesforce.html]
[I-swipeTech.com/storage/posts/May2024/231PqYOnsvk7h5veCQ0D.png]
[I-swipeTech.com/blog-details/salesforce-automation-hacks-to-streamline-your-sales-process-boost-efficiency-and-close-more-deals.html]
[I-swipeTech.com/storage/posts/May2024/WciajL0dfF2y1nl1jxgz.jpg]
[I-swipeTech.com/blog-details/the-ultimate-guide-to-choosing-the-right-salesforce-cloud-for-your-business.html]
[I-swipeTech.com/assets/images/careers/job.svg]
[I-swipeTech.com/assets/images/careers/exp.svg]
[I-swipeTech.com/assets/images/careers/time.svg]
[I-swipeTech.com/assets/images/careers/opning.svg]
[I-swipeTech.com/assets/images/careers/location.svg]
[I-swipeTech.com/case_studies/Streamlining IT Services and Knowledge Sharing through a Managed Services Site.html]
[I-swipeTech.com/admin/voyager-assets3e2c.css]
[I-swipeTech.com/admin/voyager-assets5e88.jpg]
[I-swipeTech.com/admin/voyager-assets60d2.png]
[I-swipeTech.com/admin/login.html]
[I-swipeTech.com/admin/voyager-assetse903]
[I-swipeTech.com/admin/voyager-assets1c56]
[I-swipeTech.com/admin/voyager-assetsff0e]
[I-swipeTech.com/admin/voyager-assetsa0bd]
[I-swipeTech.com/admin/voyager-assetsc323.svg]
[I-swipeTech.com/admin/voyager-assets2dc7]
[I-swipeTech.com/admin/voyager-assets1280]
[I-swipeTech.com/admin/voyager-assets5daf]
[I-swipeTech.com/admin/voyager-assetsd806.svg]
[I-swipeTech.com/admin/voyager-assets3e2c.css]
[I-swipeTech.com/admin/voyager-assetsb9f6.html]
[I-swipeTech.com/admin/voyager-assetsc323.svg]
[I-swipeTech.com/images/sort_both.html]
[I-swipeTech.com/images/sort_asc.html]
[I-swipeTech.com/images/sort_desc.html]
[I-swipeTech.com/images/sort_asc_disabled.html]
[I-swipeTech.com/images/sort_desc_disabled.html]
[I-swipeTech.com/admin/flat.html]
[I-swipeTech.com/admin/flat@2x.html]
[I-swipeTech.com/admin/voyager-assets4897.html]
[I-swipeTech.com/admin/voyager-assetsd806.svg]
[I-swipeTech.com/img/app-header-bg.html]
[I-swipeTech.com/img/bg/picjumbo.com_HNCK3558.html]
[I-swipeTech.com/img/contact-us-bg.html]
[I-swipeTech.com/images/bg.html]
[I-swipeTech.com/images/dashboard-bg.html]
[I-swipeTech.com/public/images/ga-mark-white.html]
